// Jest Snapshot v1, https://goo.gl/fbAQLP

exports[`PendingAssetStep snapshots the component with valid cards 1`] = `
.c54 {
  border: 0;
  -webkit-clip: rect(0 0 0 0);
  clip: rect(0 0 0 0);
  height: 1px;
  margin: -1px;
  overflow: hidden;
  padding: 0;
  position: absolute;
  width: 1px;
}

.c8 {
  border: 0;
  -webkit-clip: rect(0 0 0 0);
  clip: rect(0 0 0 0);
  height: 1px;
  margin: -1px;
  overflow: hidden;
  padding: 0;
  position: absolute;
  width: 1px;
}

.c1 {
  background: #f6f6f9;
  padding-top: 16px;
  padding-right: 20px;
  padding-bottom: 16px;
  padding-left: 20px;
}

.c9 {
  padding: 32px;
}

.c20 {
  background: #ffffff;
  border-radius: 4px;
  border-style: solid;
  border-width: 1px;
  border-color: #eaeaef;
  box-shadow: 0px 1px 4px rgba(33,33,52,0.1);
  height: 100%;
}

.c24 {
  position: end;
}

.c32 {
  padding-top: 8px;
  padding-right: 12px;
  padding-bottom: 8px;
  padding-left: 12px;
}

.c35 {
  padding-top: 4px;
}

.c37 {
  padding-top: 4px;
  -webkit-box-flex: 1;
  -webkit-flex-grow: 1;
  -ms-flex-positive: 1;
  flex-grow: 1;
}

.c39 {
  background: #eaeaef;
  padding-right: 8px;
  padding-left: 8px;
  min-width: 20px;
}

.c44 {
  width: 100%;
  height: 5.5rem;
}

.c48 {
  background: #32324d;
  color: #ffffff;
  padding: 4px;
  border-radius: 4px;
}

.c3 {
  -webkit-align-items: center;
  -webkit-box-align: center;
  -ms-flex-align: center;
  align-items: center;
  display: -webkit-box;
  display: -webkit-flex;
  display: -ms-flexbox;
  display: flex;
  -webkit-flex-direction: row;
  -ms-flex-direction: row;
  flex-direction: row;
  -webkit-box-pack: justify;
  -webkit-justify-content: space-between;
  -ms-flex-pack: justify;
  justify-content: space-between;
}

.c11 {
  -webkit-align-items: stretch;
  -webkit-box-align: stretch;
  -ms-flex-align: stretch;
  align-items: stretch;
  display: -webkit-box;
  display: -webkit-flex;
  display: -ms-flexbox;
  display: flex;
  -webkit-flex-direction: column;
  -ms-flex-direction: column;
  flex-direction: column;
}

.c22 {
  -webkit-align-items: center;
  -webkit-box-align: center;
  -ms-flex-align: center;
  align-items: center;
  display: -webkit-box;
  display: -webkit-flex;
  display: -ms-flexbox;
  display: flex;
  -webkit-flex-direction: row;
  -ms-flex-direction: row;
  flex-direction: row;
  -webkit-box-pack: center;
  -webkit-justify-content: center;
  -ms-flex-pack: center;
  justify-content: center;
}

.c25 {
  -webkit-align-items: center;
  -webkit-box-align: center;
  -ms-flex-align: center;
  align-items: center;
  display: -webkit-box;
  display: -webkit-flex;
  display: -ms-flexbox;
  display: flex;
  -webkit-flex-direction: row;
  -ms-flex-direction: row;
  flex-direction: row;
}

.c33 {
  -webkit-align-items: flex-start;
  -webkit-box-align: flex-start;
  -ms-flex-align: flex-start;
  align-items: flex-start;
  display: -webkit-box;
  display: -webkit-flex;
  display: -ms-flexbox;
  display: flex;
  -webkit-flex-direction: row;
  -ms-flex-direction: row;
  flex-direction: row;
}

.c40 {
  -webkit-align-items: center;
  -webkit-box-align: center;
  -ms-flex-align: center;
  align-items: center;
  display: -webkit-inline-box;
  display: -webkit-inline-flex;
  display: -ms-inline-flexbox;
  display: inline-flex;
  -webkit-flex-direction: row;
  -ms-flex-direction: row;
  flex-direction: row;
  -webkit-box-pack: center;
  -webkit-justify-content: center;
  -ms-flex-pack: center;
  justify-content: center;
}

.c5 {
  font-size: 0.875rem;
  line-height: 1.43;
  font-weight: 600;
  color: #32324d;
}

.c14 {
  font-size: 0.75rem;
  line-height: 1.33;
  font-weight: 600;
  color: #32324d;
}

.c15 {
  font-size: 0.75rem;
  line-height: 1.33;
  color: #666687;
}

.c17 {
  font-size: 0.75rem;
  line-height: 1.33;
  font-weight: 600;
  line-height: 1.14;
  color: #32324d;
}

.c43 {
  font-weight: 600;
  font-size: 0.6875rem;
  line-height: 1.45;
  text-transform: uppercase;
  color: #666687;
}

.c50 {
  font-size: 0.75rem;
  line-height: 1.33;
  color: #ffffff;
}

.c12 > * {
  margin-top: 0;
  margin-bottom: 0;
}

.c12 > * + * {
  margin-top: 32px;
}

.c13 > * {
  margin-top: 0;
  margin-bottom: 0;
}

.c26 > * {
  margin-left: 0;
  margin-right: 0;
}

.c26 > * + * {
  margin-left: 8px;
}

.c6 {
  display: -webkit-box;
  display: -webkit-flex;
  display: -ms-flexbox;
  display: flex;
  cursor: pointer;
  padding: 8px;
  border-radius: 4px;
  background: #ffffff;
  border: 1px solid #dcdce4;
  position: relative;
  outline: none;
}

.c6 svg {
  height: 12px;
  width: 12px;
}

.c6 svg > g,
.c6 svg path {
  fill: #ffffff;
}

.c6[aria-disabled='true'] {
  pointer-events: none;
}

.c6:after {
  -webkit-transition-property: all;
  transition-property: all;
  -webkit-transition-duration: 0.2s;
  transition-duration: 0.2s;
  border-radius: 8px;
  content: '';
  position: absolute;
  top: -4px;
  bottom: -4px;
  left: -4px;
  right: -4px;
  border: 2px solid transparent;
}

.c6:focus-visible {
  outline: none;
}

.c6:focus-visible:after {
  border-radius: 8px;
  content: '';
  position: absolute;
  top: -5px;
  bottom: -5px;
  left: -5px;
  right: -5px;
  border: 2px solid #4945ff;
}

.c16 {
  -webkit-align-items: center;
  -webkit-box-align: center;
  -ms-flex-align: center;
  align-items: center;
  background-color: #4945ff;
  border: 1px solid #4945ff;
  height: 2rem;
  padding-left: 16px;
  padding-right: 16px;
}

.c16 .c0 {
  display: -webkit-box;
  display: -webkit-flex;
  display: -ms-flexbox;
  display: flex;
  -webkit-align-items: center;
  -webkit-box-align: center;
  -ms-flex-align: center;
  align-items: center;
}

.c16 .c4 {
  color: #ffffff;
}

.c16[aria-disabled='true'] {
  border: 1px solid #dcdce4;
  background: #eaeaef;
}

.c16[aria-disabled='true'] .c4 {
  color: #666687;
}

.c16[aria-disabled='true'] svg > g,.c16[aria-disabled='true'] svg path {
  fill: #666687;
}

.c16[aria-disabled='true']:active {
  border: 1px solid #dcdce4;
  background: #eaeaef;
}

.c16[aria-disabled='true']:active .c4 {
  color: #666687;
}

.c16[aria-disabled='true']:active svg > g,.c16[aria-disabled='true']:active svg path {
  fill: #666687;
}

.c16:hover {
  border: 1px solid #7b79ff;
  background: #7b79ff;
}

.c16:active {
  border: 1px solid #4945ff;
  background: #4945ff;
}

.c16 svg > g,
.c16 svg path {
  fill: #ffffff;
}

.c53 {
  -webkit-align-items: center;
  -webkit-box-align: center;
  -ms-flex-align: center;
  align-items: center;
  background-color: #4945ff;
  border: 1px solid #4945ff;
  height: 2rem;
  padding-left: 16px;
  padding-right: 16px;
  border: 1px solid #dcdce4;
  background: #ffffff;
}

.c53 .c0 {
  display: -webkit-box;
  display: -webkit-flex;
  display: -ms-flexbox;
  display: flex;
  -webkit-align-items: center;
  -webkit-box-align: center;
  -ms-flex-align: center;
  align-items: center;
}

.c53 .c4 {
  color: #ffffff;
}

.c53[aria-disabled='true'] {
  border: 1px solid #dcdce4;
  background: #eaeaef;
}

.c53[aria-disabled='true'] .c4 {
  color: #666687;
}

.c53[aria-disabled='true'] svg > g,.c53[aria-disabled='true'] svg path {
  fill: #666687;
}

.c53[aria-disabled='true']:active {
  border: 1px solid #dcdce4;
  background: #eaeaef;
}

.c53[aria-disabled='true']:active .c4 {
  color: #666687;
}

.c53[aria-disabled='true']:active svg > g,.c53[aria-disabled='true']:active svg path {
  fill: #666687;
}

.c53:hover {
  background-color: #f6f6f9;
}

.c53:active {
  background-color: #eaeaef;
}

.c53 .c4 {
  color: #32324d;
}

.c53 svg > g,
.c53 svg path {
  fill: #32324d;
}

.c7 {
  display: -webkit-box;
  display: -webkit-flex;
  display: -ms-flexbox;
  display: flex;
  -webkit-align-items: center;
  -webkit-box-align: center;
  -ms-flex-align: center;
  align-items: center;
  -webkit-box-pack: center;
  -webkit-justify-content: center;
  -ms-flex-pack: center;
  justify-content: center;
  height: 2rem;
  width: 2rem;
}

.c7 svg > g,
.c7 svg path {
  fill: #8e8ea9;
}

.c7:hover svg > g,
.c7:hover svg path {
  fill: #666687;
}

.c7:active svg > g,
.c7:active svg path {
  fill: #a5a5ba;
}

.c7[aria-disabled='true'] {
  background-color: #eaeaef;
}

.c7[aria-disabled='true'] svg path {
  fill: #666687;
}

.c2 {
  border-radius: 4px 4px 0 0;
  border-bottom: 1px solid #eaeaef;
}

.c51 {
  border-radius: 0 0 4px 4px;
  border-top: 1px solid #eaeaef;
}

.c52 > * + * {
  margin-left: 8px;
}

.c10 {
  overflow: auto;
  max-height: 60vh;
}

.c18 {
  display: grid;
  grid-template-columns: repeat(12,1fr);
  gap: 16px;
}

.c19 {
  grid-column: span 4;
  max-width: 100%;
}

.c28 {
  position: absolute;
  top: 12px;
  right: 12px;
}

.c31 {
  margin: 0;
  padding: 0;
  max-height: 100%;
  max-width: 100%;
  object-fit: contain;
}

.c30 {
  display: -webkit-box;
  display: -webkit-flex;
  display: -ms-flexbox;
  display: flex;
  -webkit-box-pack: center;
  -webkit-justify-content: center;
  -ms-flex-pack: center;
  justify-content: center;
  height: 5.5rem;
  width: 100%;
  background: repeating-conic-gradient(#f6f6f9 0% 25%,transparent 0% 50%) 50% / 20px 20px;
  border-top-left-radius: 4px;
  border-top-right-radius: 4px;
}

.c41 {
  border-radius: 4px;
  height: 1.5rem;
}

.c38 {
  margin-left: auto;
  -webkit-flex-shrink: 0;
  -ms-flex-negative: 0;
  flex-shrink: 0;
}

.c42 {
  margin-left: 4px;
}

.c34 {
  word-break: break-all;
}

.c23 {
  position: relative;
  border-bottom: 1px solid #eaeaef;
}

.c49 {
  position: absolute;
  bottom: 4px;
  right: 4px;
}

.c36 {
  text-transform: uppercase;
}

.c29 {
  opacity: 0;
}

.c29:focus-within {
  opacity: 1;
}

.c21 {
  cursor: pointer;
}

.c21:hover .c27 {
  opacity: 1;
}

.c47 canvas,
.c47 video {
  display: block;
  max-width: 100%;
  max-height: 5.5rem;
}

.c46 svg {
  font-size: 3rem;
}

.c45 {
  border-radius: 4px 4px 0 0;
  background: linear-gradient(180deg,#ffffff 0%,#f6f6f9 121.48%);
}

@media (max-width:68.75rem) {
  .c19 {
    grid-column: span;
  }
}

@media (max-width:34.375rem) {
  .c19 {
    grid-column: span;
  }
}

<div>
  <form>
    <div
      class="c0 c1 c2"
    >
      <div
        class="c0 c3"
      >
        <h2
          class="c4 c5"
          id="title"
        >
          Add new assets
        </h2>
        <button
          aria-disabled="false"
          class="c6 c7"
          type="button"
        >
          <span
            class="c8"
          >
            Close the modal
          </span>
          <svg
            aria-hidden="true"
            fill="none"
            focusable="false"
            height="1em"
            viewBox="0 0 24 24"
            width="1em"
            xmlns="http://www.w3.org/2000/svg"
          >
            <path
              d="M24 2.417L21.583 0 12 9.583 2.417 0 0 2.417 9.583 12 0 21.583 2.417 24 12 14.417 21.583 24 24 21.583 14.417 12 24 2.417z"
              fill="#212134"
            />
          </svg>
        </button>
      </div>
    </div>
    <div
      class="c0 c9 c10"
    >
      <div
        class="c0 c11 c12"
        spacing="7"
      >
        <div
          class="c0 c3"
        >
          <div
            class="c0 c11 c13"
          >
            <span
              class="c4 c14"
            >
              3 assets ready to upload
            </span>
            <span
              class="c4 c15"
            >
              Manage the assets before adding them to the Media Library
            </span>
          </div>
          <button
            aria-disabled="false"
            class="c6 c16"
            type="button"
          >
            <span
              class="c4 c17"
            >
              Add new assets
            </span>
          </button>
        </div>
        <div
          class="c0 "
        >
          <div
            class="c0 c18"
          >
            <div
              class="c19"
            >
              <div
                class="c0 "
              >
                <article
                  aria-labelledby="card-1-title"
                  class="c0 c20 c21"
                  height="100%"
                  role="button"
                  tabindex="-1"
                >
                  <div
                    class="c0 c22 c23"
                  >
                    <div
                      class="c0 c24 c25 c26 c27 c28 c29"
                      spacing="2"
                    >
                      <span>
                        <button
                          aria-disabled="false"
                          aria-labelledby="tooltip-2"
                          class="c6 c7"
                          tabindex="0"
                          type="button"
                        >
                          <span
                            class="c8"
                          >
                            Remove from selection
                          </span>
                          <svg
                            aria-hidden="true"
                            fill="none"
                            focusable="false"
                            height="1em"
                            viewBox="0 0 24 24"
                            width="1em"
                            xmlns="http://www.w3.org/2000/svg"
                          >
                            <path
                              d="M3.236 6.149a.2.2 0 00-.197.233L6 24h12l2.96-17.618a.2.2 0 00-.196-.233H3.236zM21.8 1.983c.11 0 .2.09.2.2v1.584a.2.2 0 01-.2.2H2.2a.2.2 0 01-.2-.2V2.183c0-.11.09-.2.2-.2h5.511c.9 0 1.631-1.09 1.631-1.983h5.316c0 .894.73 1.983 1.631 1.983H21.8z"
                              fill="#32324D"
                            />
                          </svg>
                        </button>
                      </span>
                      <span>
                        <button
                          aria-disabled="false"
                          aria-labelledby="tooltip-4"
                          class="c6 c7"
                          tabindex="0"
                          type="button"
                        >
                          <span
                            class="c8"
                          >
                            Edit
                          </span>
                          <svg
                            aria-hidden="true"
                            fill="none"
                            focusable="false"
                            height="1em"
                            viewBox="0 0 24 24"
                            width="1em"
                            xmlns="http://www.w3.org/2000/svg"
                          >
                            <path
                              clip-rule="evenodd"
                              d="M23.604 3.514c.528.528.528 1.36 0 1.887l-2.622 2.607-4.99-4.99L18.6.396a1.322 1.322 0 011.887 0l3.118 3.118zM0 24v-4.99l14.2-14.2 4.99 4.99L4.99 24H0z"
                              fill="#212134"
                              fill-rule="evenodd"
                            />
                          </svg>
                        </button>
                      </span>
                    </div>
                    <div
                      class="c30"
                    >
                      <img
                        alt="something.jpg"
                        aria-hidden="true"
                        class="c31"
                        src="http://localhost:5000/CPAM.jpg"
                      />
                    </div>
                  </div>
                  <div
                    class="c0 c32"
                  >
                    <div
                      class="c0 c33"
                    >
                      <div
                        class="c0 c34"
                      >
                        <div
                          class="c0 c35"
                        >
                          <h2
                            class="c4 c14"
                            id="card-1-title"
                          >
                            something.jpg
                          </h2>
                        </div>
                        <div
                          class="c4 c15"
                        >
                          <span
                            class="c36"
                          >
                            jpg
                          </span>
                          
                        </div>
                      </div>
                      <div
                        class="c0 c37 c25"
                      >
                        <div
                          class="c38"
                        >
                          <div
                            class="c0 c39 c40 c41 c42"
                          >
                            <span
                              class="c4 c43"
                            >
                              Image
                            </span>
                          </div>
                        </div>
                      </div>
                    </div>
                  </div>
                </article>
              </div>
            </div>
            <div
              class="c19"
            >
              <div
                class="c0 "
              >
                <article
                  aria-labelledby="card-6-title"
                  class="c0 c20 c21"
                  height="100%"
                  role="button"
                  tabindex="-1"
                >
                  <div
                    class="c0 c22 c23"
                  >
                    <div
                      class="c0 c24 c25 c26 c27 c28 c29"
                      spacing="2"
                    >
                      <span>
                        <button
                          aria-disabled="false"
                          aria-labelledby="tooltip-7"
                          class="c6 c7"
                          tabindex="0"
                          type="button"
                        >
                          <span
                            class="c8"
                          >
                            Remove from selection
                          </span>
                          <svg
                            aria-hidden="true"
                            fill="none"
                            focusable="false"
                            height="1em"
                            viewBox="0 0 24 24"
                            width="1em"
                            xmlns="http://www.w3.org/2000/svg"
                          >
                            <path
                              d="M3.236 6.149a.2.2 0 00-.197.233L6 24h12l2.96-17.618a.2.2 0 00-.196-.233H3.236zM21.8 1.983c.11 0 .2.09.2.2v1.584a.2.2 0 01-.2.2H2.2a.2.2 0 01-.2-.2V2.183c0-.11.09-.2.2-.2h5.511c.9 0 1.631-1.09 1.631-1.983h5.316c0 .894.73 1.983 1.631 1.983H21.8z"
                              fill="#32324D"
                            />
                          </svg>
                        </button>
                      </span>
                      <span>
                        <button
                          aria-disabled="false"
                          aria-labelledby="tooltip-9"
                          class="c6 c7"
                          tabindex="0"
                          type="button"
                        >
                          <span
                            class="c8"
                          >
                            Edit
                          </span>
                          <svg
                            aria-hidden="true"
                            fill="none"
                            focusable="false"
                            height="1em"
                            viewBox="0 0 24 24"
                            width="1em"
                            xmlns="http://www.w3.org/2000/svg"
                          >
                            <path
                              clip-rule="evenodd"
                              d="M23.604 3.514c.528.528.528 1.36 0 1.887l-2.622 2.607-4.99-4.99L18.6.396a1.322 1.322 0 011.887 0l3.118 3.118zM0 24v-4.99l14.2-14.2 4.99 4.99L4.99 24H0z"
                              fill="#212134"
                              fill-rule="evenodd"
                            />
                          </svg>
                        </button>
                      </span>
                    </div>
                    <div
                      class="c0 c44 c22 c45"
                      height="5.5rem"
                      width="100%"
                    >
                      <span
                        class="c46"
                      >
                        <svg
                          aria-label="something.pdf"
                          fill="none"
                          height="1em"
                          viewBox="0 0 24 33"
                          width="1em"
                          xmlns="http://www.w3.org/2000/svg"
                        >
                          <path
                            d="M23.305 8.126L16.39.749c-.443-.472-1.043-.741-1.643-.741H2.337c-.632 0-1.2.27-1.642.74A2.529 2.529 0 000 2.5v27.015c0 1.381 1.042 2.493 2.337 2.493h19.326c1.295 0 2.337-1.112 2.337-2.493V9.877c0-.64-.253-1.28-.695-1.751zm-1.326.606h-5.116c-.568 0-1.042-.505-1.042-1.112V2.197l6.158 6.535zm-.316 21.827H2.337c-.537 0-.98-.471-.98-1.044V2.5c0-.269.096-.538.285-.74a.949.949 0 01.695-.304h12.126V7.62c0 1.415 1.074 2.56 2.4 2.56h5.78v19.335c0 .573-.443 1.044-.98 1.044z"
                            fill="#D9822F"
                          />
                          <path
                            clip-rule="evenodd"
                            d="M13.964 20.095c.344.252.781.522 1.312.811a16.714 16.714 0 011.827-.1c1.53 0 2.451.236 2.764.709.166.212.177.463.031.753 0 .01-.005.02-.016.029l-.03.029v.014c-.063.367-.433.55-1.11.55-.5 0-1.098-.096-1.795-.29a11.908 11.908 0 01-2.03-.767c-2.3.232-4.341.633-6.121 1.202-1.593 2.53-2.852 3.795-3.779 3.795a.965.965 0 01-.437-.102l-.375-.174a1.668 1.668 0 00-.093-.072c-.105-.096-.136-.27-.094-.521.094-.386.385-.828.874-1.325.49-.498 1.177-.963 2.061-1.398.146-.087.266-.058.36.087.02.02.03.039.03.058a34.703 34.703 0 001.672-2.853c.707-1.313 1.249-2.578 1.623-3.794a10.952 10.952 0 01-.476-2.31c-.067-.748-.034-1.364.102-1.847.114-.386.333-.579.655-.579h.344c.24 0 .422.072.547.217.187.203.234.531.14.985a.307.307 0 01-.062.116.35.35 0 01.015.116v.434c-.02 1.188-.093 2.115-.218 2.78.572 1.584 1.332 2.733 2.28 3.447zM4.97 26.047c.542-.232 1.255-.995 2.14-2.289-.531.387-.987.792-1.367 1.217-.38.425-.637.782-.773 1.072zm6.183-11.412c-.135-.868-.125-1.506.032-1.911v-.03c.01-.009.015-.019.015-.028a.798.798 0 01.203.521c0 .01.005.024.016.044 0 .01.005.019.015.029a.317.317 0 00-.062.116c-.073.386-.11.593-.11.622l-.109.637zm-1.904 7.66a24.288 24.288 0 014.434-1.173 2.398 2.398 0 01-.203-.137 2.761 2.761 0 01-.25-.196c-.79-.647-1.452-1.496-1.983-2.549-.28.83-.713 1.782-1.296 2.854-.312.54-.546.94-.702 1.201zm7.9-.58c1.208 0 1.937.117 2.187.349.02.019.031.033.031.043-.042.01-.135.014-.281.014-.5 0-1.145-.135-1.936-.405z"
                            fill="#D9822F"
                            fill-rule="evenodd"
                          />
                        </svg>
                      </span>
                    </div>
                  </div>
                  <div
                    class="c0 c32"
                  >
                    <div
                      class="c0 c33"
                    >
                      <div
                        class="c0 c34"
                      >
                        <div
                          class="c0 c35"
                        >
                          <h2
                            class="c4 c14"
                            id="card-6-title"
                          >
                            something.pdf
                          </h2>
                        </div>
                        <div
                          class="c4 c15"
                        >
                          <span
                            class="c36"
                          >
                            pdf
                          </span>
                          
                        </div>
                      </div>
                      <div
                        class="c0 c37 c25"
                      >
                        <div
                          class="c38"
                        >
                          <div
                            class="c0 c39 c40 c41 c42"
                          >
                            <span
                              class="c4 c43"
                            >
                              Doc
                            </span>
                          </div>
                        </div>
                      </div>
                    </div>
                  </div>
                </article>
              </div>
            </div>
            <div
              class="c19"
            >
              <div
                class="c0 "
              >
                <article
                  aria-labelledby="card-11-title"
                  class="c0 c20 c21"
                  height="100%"
                  role="button"
                  tabindex="-1"
                >
                  <div
                    class="c0 c22 c23"
                  >
                    <div
                      class="c0 c24 c25 c26 c27 c28 c29"
                      spacing="2"
                    >
                      <span>
                        <button
                          aria-disabled="false"
                          aria-labelledby="tooltip-12"
                          class="c6 c7"
                          tabindex="0"
                          type="button"
                        >
                          <span
                            class="c8"
                          >
                            Remove from selection
                          </span>
                          <svg
                            aria-hidden="true"
                            fill="none"
                            focusable="false"
                            height="1em"
                            viewBox="0 0 24 24"
                            width="1em"
                            xmlns="http://www.w3.org/2000/svg"
                          >
                            <path
                              d="M3.236 6.149a.2.2 0 00-.197.233L6 24h12l2.96-17.618a.2.2 0 00-.196-.233H3.236zM21.8 1.983c.11 0 .2.09.2.2v1.584a.2.2 0 01-.2.2H2.2a.2.2 0 01-.2-.2V2.183c0-.11.09-.2.2-.2h5.511c.9 0 1.631-1.09 1.631-1.983h5.316c0 .894.73 1.983 1.631 1.983H21.8z"
                              fill="#32324D"
                            />
                          </svg>
                        </button>
                      </span>
                      <span>
                        <button
                          aria-disabled="false"
                          aria-labelledby="tooltip-14"
                          class="c6 c7"
                          tabindex="0"
                          type="button"
                        >
                          <span
                            class="c8"
                          >
                            Edit
                          </span>
                          <svg
                            aria-hidden="true"
                            fill="none"
                            focusable="false"
                            height="1em"
                            viewBox="0 0 24 24"
                            width="1em"
                            xmlns="http://www.w3.org/2000/svg"
                          >
                            <path
                              clip-rule="evenodd"
                              d="M23.604 3.514c.528.528.528 1.36 0 1.887l-2.622 2.607-4.99-4.99L18.6.396a1.322 1.322 0 011.887 0l3.118 3.118zM0 24v-4.99l14.2-14.2 4.99 4.99L4.99 24H0z"
                              fill="#212134"
                              fill-rule="evenodd"
                            />
                          </svg>
                        </button>
                      </span>
                    </div>
                    <div
                      class="c30"
                    >
                      <div
                        class="c0 c25"
                      >
                        <div
                          class="c0 c47"
                        >
                          <figure
                            class="c0 "
                          >
                            <video
                              crossorigin="anonymous"
                              src="http://localhost:5000/mov_bbb.mp4"
                            >
                              <source
                                type="video/mp4"
                              />
                            </video>
                            <figcaption
                              class="c8"
                            >
                              something.mp4
                            </figcaption>
                          </figure>
                        </div>
                      </div>
                    </div>
                    <time
                      class="c0 c48 c49"
                    >
                      <span
                        class="c4 c50"
                      >
                        ...
                      </span>
                    </time>
                  </div>
                  <div
                    class="c0 c32"
                  >
                    <div
                      class="c0 c33"
                    >
                      <div
                        class="c0 c34"
                      >
                        <div
                          class="c0 c35"
                        >
                          <h2
                            class="c4 c14"
                            id="card-11-title"
                          >
                            something.mp4
                          </h2>
                        </div>
                        <div
                          class="c4 c15"
                        >
                          <span
                            class="c36"
                          >
                            mp4
                          </span>
                          
                        </div>
                      </div>
                      <div
                        class="c0 c37 c25"
                      >
                        <div
                          class="c38"
                        >
                          <div
                            class="c0 c39 c40 c41 c42"
                          >
                            <span
                              class="c4 c43"
                            >
                              Video
                            </span>
                          </div>
                        </div>
                      </div>
                    </div>
                  </div>
                </article>
              </div>
            </div>
          </div>
        </div>
      </div>
    </div>
    <div
      class="c0 c1 c51"
    >
      <div
        class="c0 c3"
      >
        <div
          class="c0 c25 c52"
        >
          <button
            aria-disabled="false"
            class="c6 c53"
            type="button"
          >
            <span
              class="c4 c17"
            >
              cancel
            </span>
          </button>
        </div>
        <div
          class="c0 c25 c52"
        >
          <button
            aria-disabled="false"
            class="c6 c16"
            type="submit"
          >
            <span
              class="c4 c17"
            >
              Upload 3 assets to the library
            </span>
          </button>
        </div>
      </div>
    </div>
  </form>
  <div
    class="c54"
  >
    <p
      aria-live="polite"
      aria-relevant="all"
      id="live-region-log"
      role="log"
    />
    <p
      aria-live="polite"
      aria-relevant="all"
      id="live-region-status"
      role="status"
    />
    <p
      aria-live="assertive"
      aria-relevant="all"
      id="live-region-alert"
      role="alert"
    />
  </div>
</div>
`;
